node.exe : - Generating browser application bundles (phase: setup)...
At C:\Program Files\nodejs\ng.ps1:16 char:5
+     & "$basedir/node$exe"  "$basedir/node_modules/@angular/cli/bin/ng ...
+     ~~~~~~~~~~~~~~~~~~~~~~~~~~~~~~~~~~~~~~~~~~~~~~~~~~~~~~~~~~~~~~~~~
    + CategoryInfo          : NotSpecified: (- Generating br...hase: setup)... 
   :String) [], RemoteException
    + FullyQualifiedErrorId : NativeCommandError
 
Γ£ö Browser application bundle generation complete.
Γ£ö Browser application bundle generation complete.
- Copying assets...
Γ£ö Copying assets complete.
- Generating index html...
Γ£ö Index html generation complete.

Initial Chunk Files           | Names         |  Raw Size | Estimated Transfer Size
main.6994383d2d7e96a0.js      | main          | 965.83 kB |               195.37 kB
styles.fe2270b25e2687e0.css   | styles        |  67.06 kB |                 7.65 kB
polyfills.5d3789164641613f.js | polyfills     |  33.10 kB |                10.71 kB
runtime.6ce87899fc348c52.js   | runtime       |   1.58 kB |               809 bytes

| Initial Total |   1.04 MB |               214.51 kB

Build at: 2026-03-16T00:22:01.831Z - Hash: a2f57bbc4c144f06 - Time: 24320ms

Warning: src/app/admin/bracket-tree/bracket-tree.component.html:30:73 - 
warning NG8107: The left side of this optional chain operation does not 
include 'null' or 'undefined' in its type, therefore the '?.' operator can be 
replaced with the '.' operator.

30               [class.is-winner]="match.winner?.seed_id === 
match.team1?.seed_id"
                                                                           
~~~~~~~

  src/app/admin/bracket-tree/bracket-tree.component.ts:36:16
    36   templateUrl: './bracket-tree.component.html',
                      ~~~~~~~~~~~~~~~~~~~~~~~~~~~~~~~
    Error occurs in the template of component BracketTreeComponent.


Warning: src/app/admin/bracket-tree/bracket-tree.component.html:61:73 - 
warning NG8107: The left side of this optional chain operation does not 
include 'null' or 'undefined' in its type, therefore the '?.' operator can be 
replaced with the '.' operator.

61               [class.is-winner]="match.winner?.seed_id === 
match.team2?.seed_id"
                                                                           
~~~~~~~

  src/app/admin/bracket-tree/bracket-tree.component.ts:36:16
    36   templateUrl: './bracket-tree.component.html',
                      ~~~~~~~~~~~~~~~~~~~~~~~~~~~~~~~
    Error occurs in the template of component BracketTreeComponent.


Warning: C:\Users\Michael\Documents\GitHub\bracket-challenge\node_modules\@skyu
x\lists\fesm2022\skyux-lists.mjs depends on 'dom-autoscroller'. CommonJS or 
AMD dependencies can cause optimization bailouts.
For more info see: 
https://angular.io/guide/build#configuring-commonjs-dependencies

Warning: C:\Users\Michael\Documents\GitHub\bracket-challenge\node_modules\@skyu
x\theme\fesm2022\skyux-theme.mjs depends on '@skyux/icons'. CommonJS or AMD 
dependencies can cause optimization bailouts.
For more info see: 
https://angular.io/guide/build#configuring-commonjs-dependencies

Warning: C:\Users\Michael\Documents\GitHub\bracket-challenge\node_modules\@skyu
x\theme\fesm2022\skyux-theme.mjs depends on 'fontfaceobserver'. CommonJS or 
AMD dependencies can cause optimization bailouts.
For more info see: 
https://angular.io/guide/build#configuring-commonjs-dependencies


